com\igumnov\common\Folder$1MyFileVisitor.class
com\igumnov\common\webserver\LocaleInterceptorInterface.class
com\igumnov\common\WebServer$1.class
com\igumnov\common\cache\RedisCache.class
com\igumnov\common\webserver\ControllerHandler.class
com\igumnov\common\time\Timer.class
com\igumnov\common\orm\Field.class
com\igumnov\common\Number.class
com\igumnov\common\orm\Table.class
com\igumnov\common\Folder$1.class
com\igumnov\common\orm\Entity.class
com\igumnov\common\Task.class
com\igumnov\common\File.class
com\igumnov\common\URL$1.class
com\igumnov\common\webserver\RestControllerInterface.class
com\igumnov\common\dependency\Inject.class
com\igumnov\common\WebServer.class
com\igumnov\common\Task$1.class
com\igumnov\common\orm\DDLHistory.class
com\igumnov\common\reflection\ReflectionAPI.class
com\igumnov\common\time\TimeException.class
TEST.class
com\igumnov\common\webserver\RestControllerSimpleInterface.class
com\igumnov\common\WebServer$2.class
com\igumnov\common\webserver\BinaryHandler.class
com\igumnov\common\webserver\LoginServiceHandler.class
com\igumnov\common\Cyphers.class
com\igumnov\common\webserver\WebServerException.class
com\igumnov\common\orm\Id.class
com\igumnov\common\Dependency.class
com\igumnov\common\Time.class
com\igumnov\common\webserver\StringInterface.class
com\igumnov\common\Cache.class
com\igumnov\common\orm\Transaction.class
com\igumnov\common\cache\CacheInterface.class
com\igumnov\common\URL$2.class
com\igumnov\common\webserver\ControllerContext.class
com\igumnov\common\webserver\BinaryInterface.class
com\igumnov\common\Log.class
com\igumnov\common\reflection\ReflectionException.class
com\igumnov\common\webserver\LoginServiceInterface.class
com\igumnov\common\cache\MemoryCache.class
com\igumnov\common\cache\Value.class
com\igumnov\common\dependency\DependencyException.class
com\igumnov\common\Task$2.class
com\igumnov\common\webserver\ControllerInterface.class
com\igumnov\common\Folder.class
com\igumnov\common\Benchmark.class
com\igumnov\common\Strings.class
com\igumnov\common\webserver\WebUser.class
com\igumnov\common\webserver\StringHandler.class
com\igumnov\common\JSON.class
com\igumnov\common\URL.class
com\igumnov\common\ORM.class
com\igumnov\common\Reflection.class
com\igumnov\common\dependency\Named.class
com\igumnov\common\webserver\MessageResolver.class
com\igumnov\common\webserver\RestControllerHandler.class
